mode: set
Beego-event-explorer/services/cache.go:27.2,31.1 1 1
Beego-event-explorer/services/cache.go:37.2,40.1 1 1
Beego-event-explorer/services/cache.go:45.2,47.1 4 1
Beego-event-explorer/services/cache.go:48.2,49.9 4 1
Beego-event-explorer/services/cache.go:50.3,52.1 2 1
Beego-event-explorer/services/cache.go:54.2,54.30 1 1
Beego-event-explorer/services/cache.go:55.3,57.1 2 1
Beego-event-explorer/services/cache.go:59.2,60.34 2 1
Beego-event-explorer/services/cache.go:61.3,64.1 3 1
Beego-event-explorer/services/cache.go:66.2,67.39 2 1
Beego-event-explorer/services/cache.go:72.2,74.1 5 1
Beego-event-explorer/services/cache.go:75.2,77.15 5 1
Beego-event-explorer/services/cache.go:78.3,80.1 2 1
Beego-event-explorer/services/cache.go:81.2,82.77 2 1
Beego-event-explorer/services/cache.go:88.2,90.1 6 1
Beego-event-explorer/services/cache.go:91.2,95.1 6 1
Beego-event-explorer/services/cache.go:98.2,99.1 5 1
Beego-event-explorer/services/cache.go:100.2,102.1 5 1
Beego-event-explorer/services/cache.go:103.2,104.27 5 1
Beego-event-explorer/services/cache.go:105.3,106.42 2 1
Beego-event-explorer/services/cache.go:107.4,109.1 2 1
Beego-event-explorer/services/cache.go:111.2,112.10 2 1
Beego-event-explorer/services/cache.go:117.2,118.1 5 1
Beego-event-explorer/services/cache.go:119.2,121.1 5 1
Beego-event-explorer/services/cache.go:122.2,123.27 5 1
Beego-event-explorer/services/cache.go:124.3,125.46 2 1
Beego-event-explorer/services/cache.go:126.4,128.1 2 1
Beego-event-explorer/services/cache.go:130.2,131.10 2 1
Beego-event-explorer/services/cache.go:136.2,137.1 5 1
Beego-event-explorer/services/cache.go:138.2,140.1 5 1
Beego-event-explorer/services/cache.go:141.2,142.27 5 1
Beego-event-explorer/services/cache.go:143.3,144.45 2 1
Beego-event-explorer/services/cache.go:145.4,147.1 2 1
Beego-event-explorer/services/cache.go:149.2,150.10 2 1
Beego-event-explorer/services/cache.go:154.2,157.1 3 1
Beego-event-explorer/services/event_service.go:18.2,22.1 1 1
Beego-event-explorer/services/event_service.go:34.2,35.1 2 1
Beego-event-explorer/services/event_service.go:36.2,36.12 2 1
Beego-event-explorer/services/event_service.go:37.3,38.1 2 1
Beego-event-explorer/services/event_service.go:40.3,40.21 2 1
Beego-event-explorer/services/event_service.go:41.4,41.42 1 1
Beego-event-explorer/services/event_service.go:42.5,44.1 2 1
Beego-event-explorer/services/event_service.go:48.3,50.1 4 1
Beego-event-explorer/services/event_service.go:51.3,52.17 4 1
Beego-event-explorer/services/event_service.go:54.4,57.1 3 1
Beego-event-explorer/services/event_service.go:58.3,59.1 2 1
Beego-event-explorer/services/event_service.go:61.3,61.21 2 1
Beego-event-explorer/services/event_service.go:62.4,63.1 1 1
Beego-event-explorer/services/event_service.go:64.3,64.39 1 1
Beego-event-explorer/services/event_service.go:67.2,67.11 1 1
Beego-event-explorer/services/event_service.go:72.2,74.1 8 1
Beego-event-explorer/services/event_service.go:76.2,78.1 8 1
Beego-event-explorer/services/event_service.go:80.2,82.1 8 1
Beego-event-explorer/services/event_service.go:84.2,85.25 8 1
Beego-event-explorer/services/event_service.go:86.3,87.1 1 1
Beego-event-explorer/services/event_service.go:88.3,89.1 1 1
Beego-event-explorer/services/event_service.go:90.2,90.26 1 1
Beego-event-explorer/services/event_service.go:91.3,92.1 1 1
Beego-event-explorer/services/event_service.go:93.3,94.1 1 1
Beego-event-explorer/services/event_service.go:95.2,95.12 1 1
Beego-event-explorer/services/event_service.go:100.2,103.1 3 0
Beego-event-explorer/services/event_service.go:107.2,108.1 1 1
Beego-event-explorer/services/google_places.go:30.2,34.1 1 1
Beego-event-explorer/services/google_places.go:57.2,62.1 3 1
Beego-event-explorer/services/google_places.go:63.2,65.16 3 1
Beego-event-explorer/services/google_places.go:66.3,67.1 1 0
Beego-event-explorer/services/google_places.go:68.2,70.1 4 1
Beego-event-explorer/services/google_places.go:71.2,72.16 4 1
Beego-event-explorer/services/google_places.go:73.3,74.1 1 1
Beego-event-explorer/services/google_places.go:75.2,76.1 2 1
Beego-event-explorer/services/google_places.go:77.2,77.38 2 1
Beego-event-explorer/services/google_places.go:78.3,79.1 1 1
Beego-event-explorer/services/google_places.go:81.2,82.65 2 1
Beego-event-explorer/services/google_places.go:83.3,84.1 1 1
Beego-event-explorer/services/google_places.go:86.2,87.37 2 1
Beego-event-explorer/services/google_places.go:88.3,88.31 1 1
Beego-event-explorer/services/google_places.go:89.4,89.12 1 1
Beego-event-explorer/services/google_places.go:91.3,95.20 2 1
Beego-event-explorer/services/google_places.go:96.4,96.9 1 1
Beego-event-explorer/services/google_places.go:99.2,99.17 1 1
Beego-event-explorer/services/google_places.go:113.2,115.1 3 1
Beego-event-explorer/services/google_places.go:116.2,117.16 3 1
Beego-event-explorer/services/google_places.go:118.3,119.1 1 0
Beego-event-explorer/services/google_places.go:120.2,122.1 4 1
Beego-event-explorer/services/google_places.go:123.2,124.16 4 1
Beego-event-explorer/services/google_places.go:125.3,126.1 1 1
Beego-event-explorer/services/google_places.go:127.2,128.1 2 1
Beego-event-explorer/services/google_places.go:129.2,129.88 2 1
Beego-event-explorer/services/google_places.go:130.3,131.1 1 1
Beego-event-explorer/services/google_places.go:132.2,132.38 1 1
Beego-event-explorer/services/google_places.go:133.3,134.1 1 1
Beego-event-explorer/services/google_places.go:136.2,137.65 2 1
Beego-event-explorer/services/google_places.go:138.3,139.1 1 1
Beego-event-explorer/services/google_places.go:141.2,143.43 3 1
Beego-event-explorer/services/google_places.go:144.3,144.29 1 1
Beego-event-explorer/services/google_places.go:145.4,145.13 1 1
Beego-event-explorer/services/google_places.go:147.5,147.22 1 1
Beego-event-explorer/services/google_places.go:149.5,149.27 1 1
Beego-event-explorer/services/google_places.go:150.6,151.1 1 1
Beego-event-explorer/services/google_places.go:153.5,154.29 2 1
Beego-event-explorer/services/google_places.go:158.2,158.16 1 1
Beego-event-explorer/services/google_places.go:159.3,160.1 1 1
Beego-event-explorer/services/google_places.go:161.2,161.37 1 1
Beego-event-explorer/services/google_places.go:162.3,163.1 1 1
Beego-event-explorer/services/google_places.go:165.2,170.8 1 1
Beego-event-explorer/services/ticket.go:55.2,56.44 2 1
Beego-event-explorer/services/ticket.go:57.3,58.14 2 1
Beego-event-explorer/services/ticket.go:59.4,60.1 1 1
Beego-event-explorer/services/ticket.go:62.2,62.12 1 1
Beego-event-explorer/services/ticket.go:68.2,69.56 2 1
Beego-event-explorer/services/ticket.go:70.3,71.1 1 1
Beego-event-explorer/services/ticket.go:73.2,74.16 2 1
Beego-event-explorer/services/ticket.go:75.3,76.1 1 1
Beego-event-explorer/services/ticket.go:78.2,78.28 1 1
Beego-event-explorer/services/ticket.go:80.3,80.50 1 1
Beego-event-explorer/services/ticket.go:81.4,82.1 1 1
Beego-event-explorer/services/ticket.go:84.2,84.32 1 1
Beego-event-explorer/services/ticketmaster.go:30.2,34.1 1 1
Beego-event-explorer/services/ticketmaster.go:85.2,86.26 2 1
Beego-event-explorer/services/ticketmaster.go:87.3,87.85 1 1
Beego-event-explorer/services/ticketmaster.go:88.4,89.1 1 1
Beego-event-explorer/services/ticketmaster.go:91.2,91.16 1 1
Beego-event-explorer/services/ticketmaster.go:92.3,93.1 1 1
Beego-event-explorer/services/ticketmaster.go:94.2,95.26 2 1
Beego-event-explorer/services/ticketmaster.go:96.3,96.22 1 1
Beego-event-explorer/services/ticketmaster.go:97.4,98.1 1 1
Beego-event-explorer/services/ticketmaster.go:100.2,100.13 1 1
Beego-event-explorer/services/ticketmaster.go:104.2,104.21 1 1
Beego-event-explorer/services/ticketmaster.go:105.3,106.1 1 1
Beego-event-explorer/services/ticketmaster.go:107.2,108.16 2 1
Beego-event-explorer/services/ticketmaster.go:109.3,110.1 1 1
Beego-event-explorer/services/ticketmaster.go:111.2,111.37 1 1
Beego-event-explorer/services/ticketmaster.go:115.2,115.21 1 1
Beego-event-explorer/services/ticketmaster.go:116.3,117.1 1 1
Beego-event-explorer/services/ticketmaster.go:118.2,119.16 2 1
Beego-event-explorer/services/ticketmaster.go:120.3,121.1 1 1
Beego-event-explorer/services/ticketmaster.go:122.2,122.28 1 1
Beego-event-explorer/services/ticketmaster.go:126.2,135.1 2 1
Beego-event-explorer/services/ticketmaster.go:136.2,136.32 2 1
Beego-event-explorer/services/ticketmaster.go:137.3,141.1 4 1
Beego-event-explorer/services/ticketmaster.go:142.2,142.32 1 1
Beego-event-explorer/services/ticketmaster.go:143.3,143.69 1 1
Beego-event-explorer/services/ticketmaster.go:144.4,145.1 1 1
Beego-event-explorer/services/ticketmaster.go:147.2,148.26 2 1
Beego-event-explorer/services/ticketmaster.go:149.3,150.1 1 1
Beego-event-explorer/services/ticketmaster.go:151.2,151.11 1 1
Beego-event-explorer/services/ticketmaster.go:155.2,157.16 3 1
Beego-event-explorer/services/ticketmaster.go:158.3,159.1 1 1
Beego-event-explorer/services/ticketmaster.go:160.2,161.16 2 1
Beego-event-explorer/services/ticketmaster.go:162.3,163.1 1 1
Beego-event-explorer/services/ticketmaster.go:164.2,165.1 2 1
Beego-event-explorer/services/ticketmaster.go:166.2,166.38 2 1
Beego-event-explorer/services/ticketmaster.go:167.3,168.1 1 1
Beego-event-explorer/services/ticketmaster.go:169.2,169.64 1 1
Beego-event-explorer/services/ticketmaster.go:173.2,178.1 7 1
Beego-event-explorer/services/ticketmaster.go:179.2,180.64 7 1
Beego-event-explorer/services/ticketmaster.go:181.3,182.1 1 1
Beego-event-explorer/services/ticketmaster.go:184.2,185.41 2 1
Beego-event-explorer/services/ticketmaster.go:186.3,187.1 1 1
Beego-event-explorer/services/ticketmaster.go:188.2,188.20 1 1
Beego-event-explorer/services/ticketmaster.go:192.2,194.16 3 1
Beego-event-explorer/services/ticketmaster.go:195.3,195.36 1 1
Beego-event-explorer/services/ticketmaster.go:196.4,197.1 1 1
Beego-event-explorer/services/ticketmaster.go:198.3,198.29 1 1
Beego-event-explorer/services/ticketmaster.go:200.2,200.28 1 1
